Archive member included to satisfy reference by file (symbol)

c:/st/stm32cubeide_1.11.2/stm32cubeide/plugins/com.st.stm32cube.ide.mcu.externaltools.gnu-tools-for-stm32.10.3-2021.10.win32_1.0.100.202210260954/tools/bin/../lib/gcc/arm-none-eabi/10.3.1/../../../../arm-none-eabi/lib/thumb/v7-m/nofp\libc_nano.a(lib_a-errno.o)
                              ./Core/Src/syscalls.o (__errno)
c:/st/stm32cubeide_1.11.2/stm32cubeide/plugins/com.st.stm32cube.ide.mcu.externaltools.gnu-tools-for-stm32.10.3-2021.10.win32_1.0.100.202210260954/tools/bin/../lib/gcc/arm-none-eabi/10.3.1/../../../../arm-none-eabi/lib/thumb/v7-m/nofp\libc_nano.a(lib_a-exit.o)
                              c:/st/stm32cubeide_1.11.2/stm32cubeide/plugins/com.st.stm32cube.ide.mcu.externaltools.gnu-tools-for-stm32.10.3-2021.10.win32_1.0.100.202210260954/tools/bin/../lib/gcc/arm-none-eabi/10.3.1/../../../../arm-none-eabi/lib/thumb/v7-m/nofp/crt0.o (exit)
c:/st/stm32cubeide_1.11.2/stm32cubeide/plugins/com.st.stm32cube.ide.mcu.externaltools.gnu-tools-for-stm32.10.3-2021.10.win32_1.0.100.202210260954/tools/bin/../lib/gcc/arm-none-eabi/10.3.1/../../../../arm-none-eabi/lib/thumb/v7-m/nofp\libc_nano.a(lib_a-impure.o)
                              c:/st/stm32cubeide_1.11.2/stm32cubeide/plugins/com.st.stm32cube.ide.mcu.externaltools.gnu-tools-for-stm32.10.3-2021.10.win32_1.0.100.202210260954/tools/bin/../lib/gcc/arm-none-eabi/10.3.1/../../../../arm-none-eabi/lib/thumb/v7-m/nofp\libc_nano.a(lib_a-exit.o) (_global_impure_ptr)
c:/st/stm32cubeide_1.11.2/stm32cubeide/plugins/com.st.stm32cube.ide.mcu.externaltools.gnu-tools-for-stm32.10.3-2021.10.win32_1.0.100.202210260954/tools/bin/../lib/gcc/arm-none-eabi/10.3.1/../../../../arm-none-eabi/lib/thumb/v7-m/nofp\libc_nano.a(lib_a-init.o)
                              c:/st/stm32cubeide_1.11.2/stm32cubeide/plugins/com.st.stm32cube.ide.mcu.externaltools.gnu-tools-for-stm32.10.3-2021.10.win32_1.0.100.202210260954/tools/bin/../lib/gcc/arm-none-eabi/10.3.1/../../../../arm-none-eabi/lib/thumb/v7-m/nofp/crt0.o (__libc_init_array)
c:/st/stm32cubeide_1.11.2/stm32cubeide/plugins/com.st.stm32cube.ide.mcu.externaltools.gnu-tools-for-stm32.10.3-2021.10.win32_1.0.100.202210260954/tools/bin/../lib/gcc/arm-none-eabi/10.3.1/../../../../arm-none-eabi/lib/thumb/v7-m/nofp\libc_nano.a(lib_a-memset.o)
                              c:/st/stm32cubeide_1.11.2/stm32cubeide/plugins/com.st.stm32cube.ide.mcu.externaltools.gnu-tools-for-stm32.10.3-2021.10.win32_1.0.100.202210260954/tools/bin/../lib/gcc/arm-none-eabi/10.3.1/../../../../arm-none-eabi/lib/thumb/v7-m/nofp/crt0.o (memset)
c:/st/stm32cubeide_1.11.2/stm32cubeide/plugins/com.st.stm32cube.ide.mcu.externaltools.gnu-tools-for-stm32.10.3-2021.10.win32_1.0.100.202210260954/tools/bin/../lib/gcc/arm-none-eabi/10.3.1/thumb/v7-m/nofp\libgcc.a(_aeabi_uldivmod.o)
                              ./Drivers/STM32L1xx_HAL_Driver/Src/stm32l1xx_hal_rcc.o (__aeabi_uldivmod)
c:/st/stm32cubeide_1.11.2/stm32cubeide/plugins/com.st.stm32cube.ide.mcu.externaltools.gnu-tools-for-stm32.10.3-2021.10.win32_1.0.100.202210260954/tools/bin/../lib/gcc/arm-none-eabi/10.3.1/thumb/v7-m/nofp\libgcc.a(_udivmoddi4.o)
                              c:/st/stm32cubeide_1.11.2/stm32cubeide/plugins/com.st.stm32cube.ide.mcu.externaltools.gnu-tools-for-stm32.10.3-2021.10.win32_1.0.100.202210260954/tools/bin/../lib/gcc/arm-none-eabi/10.3.1/thumb/v7-m/nofp\libgcc.a(_aeabi_uldivmod.o) (__udivmoddi4)
c:/st/stm32cubeide_1.11.2/stm32cubeide/plugins/com.st.stm32cube.ide.mcu.externaltools.gnu-tools-for-stm32.10.3-2021.10.win32_1.0.100.202210260954/tools/bin/../lib/gcc/arm-none-eabi/10.3.1/thumb/v7-m/nofp\libgcc.a(_dvmd_tls.o)
                              c:/st/stm32cubeide_1.11.2/stm32cubeide/plugins/com.st.stm32cube.ide.mcu.externaltools.gnu-tools-for-stm32.10.3-2021.10.win32_1.0.100.202210260954/tools/bin/../lib/gcc/arm-none-eabi/10.3.1/thumb/v7-m/nofp\libgcc.a(_aeabi_uldivmod.o) (__aeabi_ldiv0)

Discarded input sections

 .text          0x0000000000000000        0x0 c:/st/stm32cubeide_1.11.2/stm32cubeide/plugins/com.st.stm32cube.ide.mcu.externaltools.gnu-tools-for-stm32.10.3-2021.10.win32_1.0.100.202210260954/tools/bin/../lib/gcc/arm-none-eabi/10.3.1/thumb/v7-m/nofp/crti.o
 .data          0x0000000000000000        0x0 c:/st/stm32cubeide_1.11.2/stm32cubeide/plugins/com.st.stm32cube.ide.mcu.externaltools.gnu-tools-for-stm32.10.3-2021.10.win32_1.0.100.202210260954/tools/bin/../lib/gcc/arm-none-eabi/10.3.1/thumb/v7-m/nofp/crti.o
 .bss           0x0000000000000000        0x0 c:/st/stm32cubeide_1.11.2/stm32cubeide/plugins/com.st.stm32cube.ide.mcu.externaltools.gnu-tools-for-stm32.10.3-2021.10.win32_1.0.100.202210260954/tools/bin/../lib/gcc/arm-none-eabi/10.3.1/thumb/v7-m/nofp/crti.o
 .data          0x0000000000000000        0x4 c:/st/stm32cubeide_1.11.2/stm32cubeide/plugins/com.st.stm32cube.ide.mcu.externaltools.gnu-tools-for-stm32.10.3-2021.10.win32_1.0.100.202210260954/tools/bin/../lib/gcc/arm-none-eabi/10.3.1/thumb/v7-m/nofp/crtbegin.o
[...]
Memory Configuration

Name             Origin             Length             Attributes
RAM              0x0000000020000000 0x0000000000008000 xrw
FLASH            0x0000000008000000 0x0000000000040000 xr
*default*        0x0000000000000000 0xffffffffffffffff

Linker script and memory map

LOAD c:/st/stm32cubeide_1.11.2/stm32cubeide/plugins/com.st.stm32cube.ide.mcu.externaltools.gnu-tools-for-stm32.10.3-2021.10.win32_1.0.100.202210260954/tools/bin/../lib/gcc/arm-none-eabi/10.3.1/thumb/v7-m/nofp/crti.o
LOAD c:/st/stm32cubeide_1.11.2/stm32cubeide/plugins/com.st.stm32cube.ide.mcu.externaltools.gnu-tools-for-stm32.10.3-2021.10.win32_1.0.100.202210260954/tools/bin/../lib/gcc/arm-none-eabi/10.3.1/thumb/v7-m/nofp/crtbegin.o
LOAD c:/st/stm32cubeide_1.11.2/stm32cubeide/plugins/com.st.stm32cube.ide.mcu.externaltools.gnu-tools-for-stm32.10.3-2021.10.win32_1.0.100.202210260954/tools/bin/../lib/gcc/arm-none-eabi/10.3.1/../../../../arm-none-eabi/lib/thumb/v7-m/nofp/crt0.o
LOAD ./Core/Src/Utiles_SDM.o
LOAD ./Core/Src/main.o
LOAD ./Core/Src/stm32l152c_discovery.o
LOAD ./Core/Src/stm32l152c_discovery_glass_lcd.o
LOAD ./Core/Src/stm32l1xx_hal_msp.o
LOAD ./Core/Src/stm32l1xx_it.o
LOAD ./Core/Src/syscalls.o
LOAD ./Core/Src/sysmem.o
LOAD ./Core/Src/system_stm32l1xx.o
LOAD ./Core/Startup/startup_stm32l152rctx.o
LOAD ./Drivers/STM32L1xx_HAL_Driver/Src/stm32l1xx_hal.o
LOAD ./Drivers/STM32L1xx_HAL_Driver/Src/stm32l1xx_hal_adc.o
LOAD ./Drivers/STM32L1xx_HAL_Driver/Src/stm32l1xx_hal_adc_ex.o
LOAD ./Drivers/STM32L1xx_HAL_Driver/Src/stm32l1xx_hal_cortex.o
LOAD ./Drivers/STM32L1xx_HAL_Driver/Src/stm32l1xx_hal_dma.o
LOAD ./Drivers/STM32L1xx_HAL_Driver/Src/stm32l1xx_hal_exti.o
LOAD ./Drivers/STM32L1xx_HAL_Driver/Src/stm32l1xx_hal_flash.o
LOAD ./Drivers/STM32L1xx_HAL_Driver/Src/stm32l1xx_hal_flash_ex.o
LOAD ./Drivers/STM32L1xx_HAL_Driver/Src/stm32l1xx_hal_flash_ramfunc.o
LOAD ./Drivers/STM32L1xx_HAL_Driver/Src/stm32l1xx_hal_gpio.o
LOAD ./Drivers/STM32L1xx_HAL_Driver/Src/stm32l1xx_hal_lcd.o
LOAD ./Drivers/STM32L1xx_HAL_Driver/Src/stm32l1xx_hal_pwr.o
LOAD ./Drivers/STM32L1xx_HAL_Driver/Src/stm32l1xx_hal_pwr_ex.o
LOAD ./Drivers/STM32L1xx_HAL_Driver/Src/stm32l1xx_hal_rcc.o
LOAD ./Drivers/STM32L1xx_HAL_Driver/Src/stm32l1xx_hal_rcc_ex.o
LOAD ./Drivers/STM32L1xx_HAL_Driver/Src/stm32l1xx_hal_tim.o
LOAD ./Drivers/STM32L1xx_HAL_Driver/Src/stm32l1xx_hal_tim_ex.o
START GROUP
LOAD c:/st/stm32cubeide_1.11.2/stm32cubeide/plugins/com.st.stm32cube.ide.mcu.externaltools.gnu-tools-for-stm32.10.3-2021.10.win32_1.0.100.202210260954/tools/bin/../lib/gcc/arm-none-eabi/10.3.1/../../../../arm-none-eabi/lib/thumb/v7-m/nofp\libc_nano.a
LOAD c:/st/stm32cubeide_1.11.2/stm32cubeide/plugins/com.st.stm32cube.ide.mcu.externaltools.gnu-tools-for-stm32.10.3-2021.10.win32_1.0.100.202210260954/tools/bin/../lib/gcc/arm-none-eabi/10.3.1/../../../../arm-none-eabi/lib/thumb/v7-m/nofp\libm.a
END GROUP
START GROUP
LOAD c:/st/stm32cubeide_1.11.2/stm32cubeide/plugins/com.st.stm32cube.ide.mcu.externaltools.gnu-tools-for-stm32.10.3-2021.10.win32_1.0.100.202210260954/tools/bin/../lib/gcc/arm-none-eabi/10.3.1/thumb/v7-m/nofp\libgcc.a
LOAD c:/st/stm32cubeide_1.11.2/stm32cubeide/plugins/com.st.stm32cube.ide.mcu.externaltools.gnu-tools-for-stm32.10.3-2021.10.win32_1.0.100.202210260954/tools/bin/../lib/gcc/arm-none-eabi/10.3.1/../../../../arm-none-eabi/lib/thumb/v7-m/nofp\libc_nano.a
END GROUP
START GROUP
LOAD c:/st/stm32cubeide_1.11.2/stm32cubeide/plugins/com.st.stm32cube.ide.mcu.externaltools.gnu-tools-for-stm32.10.3-2021.10.win32_1.0.100.202210260954/tools/bin/../lib/gcc/arm-none-eabi/10.3.1/thumb/v7-m/nofp\libgcc.a
LOAD c:/st/stm32cubeide_1.11.2/stm32cubeide/plugins/com.st.stm32cube.ide.mcu.externaltools.gnu-tools-for-stm32.10.3-2021.10.win32_1.0.100.202210260954/tools/bin/../lib/gcc/arm-none-eabi/10.3.1/../../../../arm-none-eabi/lib/thumb/v7-m/nofp\libc_nano.a
LOAD c:/st/stm32cubeide_1.11.2/stm32cubeide/plugins/com.st.stm32cube.ide.mcu.externaltools.gnu-tools-for-stm32.10.3-2021.10.win32_1.0.100.202210260954/tools/bin/../lib/gcc/arm-none-eabi/10.3.1/../../../../arm-none-eabi/lib/thumb/v7-m/nofp\libnosys.a
END GROUP
START GROUP
LOAD c:/st/stm32cubeide_1.11.2/stm32cubeide/plugins/com.st.stm32cube.ide.mcu.externaltools.gnu-tools-for-stm32.10.3-2021.10.win32_1.0.100.202210260954/tools/bin/../lib/gcc/arm-none-eabi/10.3.1/thumb/v7-m/nofp\libgcc.a
LOAD c:/st/stm32cubeide_1.11.2/stm32cubeide/plugins/com.st.stm32cube.ide.mcu.externaltools.gnu-tools-for-stm32.10.3-2021.10.win32_1.0.100.202210260954/tools/bin/../lib/gcc/arm-none-eabi/10.3.1/../../../../arm-none-eabi/lib/thumb/v7-m/nofp\libc_nano.a
LOAD c:/st/stm32cubeide_1.11.2/stm32cubeide/plugins/com.st.stm32cube.ide.mcu.externaltools.gnu-tools-for-stm32.10.3-2021.10.win32_1.0.100.202210260954/tools/bin/../lib/gcc/arm-none-eabi/10.3.1/../../../../arm-none-eabi/lib/thumb/v7-m/nofp\libnosys.a
END GROUP
LOAD c:/st/stm32cubeide_1.11.2/stm32cubeide/plugins/com.st.stm32cube.ide.mcu.externaltools.gnu-tools-for-stm32.10.3-2021.10.win32_1.0.100.202210260954/tools/bin/../lib/gcc/arm-none-eabi/10.3.1/thumb/v7-m/nofp/crtend.o
LOAD c:/st/stm32cubeide_1.11.2/stm32cubeide/plugins/com.st.stm32cube.ide.mcu.externaltools.gnu-tools-for-stm32.10.3-2021.10.win32_1.0.100.202210260954/tools/bin/../lib/gcc/arm-none-eabi/10.3.1/thumb/v7-m/nofp/crtn.o
                0x0000000020008000                _estack = (ORIGIN (RAM) + LENGTH (RAM))
                0x0000000000000200                _Min_Heap_Size = 0x200
                0x0000000000000400                _Min_Stack_Size = 0x400

.isr_vector     0x0000000008000000      0x13c
                0x0000000008000000                . = ALIGN (0x4)
 *(.isr_vector)
 .isr_vector    0x0000000008000000      0x13c ./Core/Startup/startup_stm32l152rctx.o
                0x0000000008000000                g_pfnVectors
                0x000000000800013c                . = ALIGN (0x4)

.text           0x000000000800013c     0x2378
                0x000000000800013c                . = ALIGN (0x4)
 *(.text)
 .text          0x000000000800013c       0x40 c:/st/stm32cubeide_1.11.2/stm32cubeide/plugins/com.st.stm32cube.ide.mcu.externaltools.gnu-tools-for-stm32.10.3-2021.10.win32_1.0.100.202210260954/tools/bin/../lib/gcc/arm-none-eabi/10.3.1/thumb/v7-m/nofp/crtbegin.o
 .text          0x000000000800017c       0x30 c:/st/stm32cubeide_1.11.2/stm32cubeide/plugins/com.st.stm32cube.ide.mcu.externaltools.gnu-tools-for-stm32.10.3-2021.10.win32_1.0.100.202210260954/tools/bin/../lib/gcc/arm-none-eabi/10.3.1/thumb/v7-m/nofp\libgcc.a(_aeabi_uldivmod.o)
                0x000000000800017c                __aeabi_uldivmod
 .text          0x00000000080001ac      0x2d4 c:/st/stm32cubeide_1.11.2/stm32cubeide/plugins/com.st.stm32cube.ide.mcu.externaltools.gnu-tools-for-stm32.10.3-2021.10.win32_1.0.100.202210260954/tools/bin/../lib/gcc/arm-none-eabi/10.3.1/thumb/v7-m/nofp\libgcc.a(_udivmoddi4.o)
                0x00000000080001ac                __udivmoddi4
 .text          0x0000000008000480        0x4 c:/st/stm32cubeide_1.11.2/stm32cubeide/plugins/com.st.stm32cube.ide.mcu.externaltools.gnu-tools-for-stm32.10.3-2021.10.win32_1.0.100.202210260954/tools/bin/../lib/gcc/arm-none-eabi/10.3.1/thumb/v7-m/nofp\libgcc.a(_dvmd_tls.o)
                0x0000000008000480                __aeabi_idiv0
                0x0000000008000480                __aeabi_ldiv0
 *(.text*)
 .text.main     0x0000000008000484       0x1e ./Core/Src/main.o
                0x0000000008000484                main
 *fill*         0x00000000080004a2        0x2 
 .text.SystemClock_Config
                0x00000000080004a4       0xd0 ./Core/Src/main.o
                0x00000000080004a4                SystemClock_Config
 .text.MX_ADC_Init
                0x0000000008000574       0xb4 ./Core/Src/main.o
 .text.MX_LCD_Init
                0x0000000008000628       0x68 ./Core/Src/main.o
 .text.MX_TS_Init
                0x0000000008000690        0xc ./Core/Src/main.o
 .text.MX_GPIO_Init
                0x000000000800069c       0xb4 ./Core/Src/main.o
 .text.Error_Handler
                0x0000000008000750        0xa ./Core/Src/main.o
                0x0000000008000750                Error_Handler
 *fill*         0x000000000800075a        0x2 
 .text.HAL_MspInit
                0x000000000800075c       0x60 ./Core/Src/stm32l1xx_hal_msp.o
                0x000000000800075c                HAL_MspInit
 .text.HAL_ADC_MspInit
                0x00000000080007bc       0x80 ./Core/Src/stm32l1xx_hal_msp.o
                0x00000000080007bc                HAL_ADC_MspInit
 .text.HAL_LCD_MspInit
                0x000000000800083c      0x104 ./Core/Src/stm32l1xx_hal_msp.o
                0x000000000800083c                HAL_LCD_MspInit
 .text.NMI_Handler
                0x0000000008000940        0x6 ./Core/Src/stm32l1xx_it.o
                0x0000000008000940                NMI_Handler
 .text.HardFault_Handler
                0x0000000008000946        0x6 ./Core/Src/stm32l1xx_it.o
                0x0000000008000946                HardFault_Handler
 .text.MemManage_Handler
                0x000000000800094c        0x6 ./Core/Src/stm32l1xx_it.o
                0x000000000800094c                MemManage_Handler
 .text.BusFault_Handler
                0x0000000008000952        0x6 ./Core/Src/stm32l1xx_it.o
                0x0000000008000952                BusFault_Handler
 .text.UsageFault_Handler
                0x0000000008000958        0x6 ./Core/Src/stm32l1xx_it.o
                0x0000000008000958                UsageFault_Handler
 .text.SVC_Handler
                0x000000000800095e        0xc ./Core/Src/stm32l1xx_it.o
                0x000000000800095e                SVC_Handler
 .text.DebugMon_Handler
                0x000000000800096a        0xc ./Core/Src/stm32l1xx_it.o
                0x000000000800096a                DebugMon_Handler
 .text.PendSV_Handler
                0x0000000008000976        0xc ./Core/Src/stm32l1xx_it.o
                0x0000000008000976                PendSV_Handler
 .text.SysTick_Handler
                0x0000000008000982        0xc ./Core/Src/stm32l1xx_it.o
                0x0000000008000982                SysTick_Handler
 .text.SystemInit
                0x000000000800098e        0xc ./Core/Src/system_stm32l1xx.o
                0x000000000800098e                SystemInit
 *fill*         0x000000000800099a        0x2 
 .text.Reset_Handler
                0x000000000800099c       0x48 ./Core/Startup/startup_stm32l152rctx.o
                0x000000000800099c                Reset_Handler
 .text.Default_Handler
                0x00000000080009e4        0x2 ./Core/Startup/startup_stm32l152rctx.o
                0x00000000080009e4                RTC_Alarm_IRQHandler
                0x00000000080009e4                EXTI2_IRQHandler
                0x00000000080009e4                COMP_ACQ_IRQHandler
                0x00000000080009e4                TIM10_IRQHandler
                0x00000000080009e4                USB_HP_IRQHandler
                0x00000000080009e4                TIM6_IRQHandler
                0x00000000080009e4                PVD_IRQHandler
                0x00000000080009e4                EXTI3_IRQHandler
                0x00000000080009e4                EXTI0_IRQHandler
                0x00000000080009e4                I2C2_EV_IRQHandler
                0x00000000080009e4                SPI1_IRQHandler
                0x00000000080009e4                USB_FS_WKUP_IRQHandler
                0x00000000080009e4                DMA2_Channel2_IRQHandler
                0x00000000080009e4                DMA1_Channel4_IRQHandler
                0x00000000080009e4                ADC1_IRQHandler
                0x00000000080009e4                USART3_IRQHandler
                0x00000000080009e4                DMA1_Channel7_IRQHandler
                0x00000000080009e4                LCD_IRQHandler
                0x00000000080009e4                TIM4_IRQHandler
                0x00000000080009e4                DMA2_Channel1_IRQHandler
                0x00000000080009e4                I2C1_EV_IRQHandler
                0x00000000080009e4                DMA1_Channel6_IRQHandler
                0x00000000080009e4                DMA2_Channel4_IRQHandler
                0x00000000080009e4                TIM3_IRQHandler
                0x00000000080009e4                RCC_IRQHandler
                0x00000000080009e4                DMA1_Channel1_IRQHandler
                0x00000000080009e4                Default_Handler
                0x00000000080009e4                EXTI15_10_IRQHandler
                0x00000000080009e4                TIM7_IRQHandler
                0x00000000080009e4                TIM5_IRQHandler
                0x00000000080009e4                EXTI9_5_IRQHandler
                0x00000000080009e4                TIM9_IRQHandler
                0x00000000080009e4                TAMPER_STAMP_IRQHandler
                0x00000000080009e4                RTC_WKUP_IRQHandler
                0x00000000080009e4                SPI2_IRQHandler
                0x00000000080009e4                DMA2_Channel5_IRQHandler
                0x00000000080009e4                DMA1_Channel5_IRQHandler
                0x00000000080009e4                USB_LP_IRQHandler
                0x00000000080009e4                EXTI4_IRQHandler
                0x00000000080009e4                DMA1_Channel3_IRQHandler
                0x00000000080009e4                COMP_IRQHandler
                0x00000000080009e4                WWDG_IRQHandler
                0x00000000080009e4                TIM2_IRQHandler
                0x00000000080009e4                DAC_IRQHandler
                0x00000000080009e4                EXTI1_IRQHandler
                0x00000000080009e4                TIM11_IRQHandler
                0x00000000080009e4                USART2_IRQHandler
                0x00000000080009e4                I2C2_ER_IRQHandler
                0x00000000080009e4                DMA1_Channel2_IRQHandler
                0x00000000080009e4                FLASH_IRQHandler
                0x00000000080009e4                USART1_IRQHandler
                0x00000000080009e4                SPI3_IRQHandler
                0x00000000080009e4                I2C1_ER_IRQHandler
                0x00000000080009e4                DMA2_Channel3_IRQHandler
 .text.HAL_Init
                0x00000000080009e6       0x30 ./Drivers/STM32L1xx_HAL_Driver/Src/stm32l1xx_hal.o
                0x00000000080009e6                HAL_Init
 *fill*         0x0000000008000a16        0x2 
 .text.HAL_InitTick
                0x0000000008000a18       0x74 ./Drivers/STM32L1xx_HAL_Driver/Src/stm32l1xx_hal.o
                0x0000000008000a18                HAL_InitTick
 .text.HAL_IncTick
                0x0000000008000a8c       0x24 ./Drivers/STM32L1xx_HAL_Driver/Src/stm32l1xx_hal.o
                0x0000000008000a8c                HAL_IncTick
 .text.HAL_GetTick
                0x0000000008000ab0       0x14 ./Drivers/STM32L1xx_HAL_Driver/Src/stm32l1xx_hal.o
                0x0000000008000ab0                HAL_GetTick
 .text.HAL_ADC_Init
                0x0000000008000ac4      0x28c ./Drivers/STM32L1xx_HAL_Driver/Src/stm32l1xx_hal_adc.o
                0x0000000008000ac4                HAL_ADC_Init
 .text.HAL_ADC_ConfigChannel
                0x0000000008000d50      0x2a0 ./Drivers/STM32L1xx_HAL_Driver/Src/stm32l1xx_hal_adc.o
                0x0000000008000d50                HAL_ADC_ConfigChannel
 .text.__NVIC_SetPriorityGrouping
                0x0000000008000ff0       0x48 ./Drivers/STM32L1xx_HAL_Driver/Src/stm32l1xx_hal_cortex.o
 .text.__NVIC_GetPriorityGrouping
                0x0000000008001038       0x1c ./Drivers/STM32L1xx_HAL_Driver/Src/stm32l1xx_hal_cortex.o
 .text.__NVIC_SetPriority
                0x0000000008001054       0x54 ./Drivers/STM32L1xx_HAL_Driver/Src/stm32l1xx_hal_cortex.o
 .text.NVIC_EncodePriority
                0x00000000080010a8       0x64 ./Drivers/STM32L1xx_HAL_Driver/Src/stm32l1xx_hal_cortex.o
 .text.SysTick_Config
                0x000000000800110c       0x44 ./Drivers/STM32L1xx_HAL_Driver/Src/stm32l1xx_hal_cortex.o
 .text.HAL_NVIC_SetPriorityGrouping
                0x0000000008001150       0x16 ./Drivers/STM32L1xx_HAL_Driver/Src/stm32l1xx_hal_cortex.o
                0x0000000008001150                HAL_NVIC_SetPriorityGrouping
 .text.HAL_NVIC_SetPriority
                0x0000000008001166       0x38 ./Drivers/STM32L1xx_HAL_Driver/Src/stm32l1xx_hal_cortex.o
                0x0000000008001166                HAL_NVIC_SetPriority
 .text.HAL_SYSTICK_Config
                0x000000000800119e       0x18 ./Drivers/STM32L1xx_HAL_Driver/Src/stm32l1xx_hal_cortex.o
                0x000000000800119e                HAL_SYSTICK_Config
 *fill*         0x00000000080011b6        0x2 
 .text.HAL_GPIO_Init
                0x00000000080011b8      0x300 ./Drivers/STM32L1xx_HAL_Driver/Src/stm32l1xx_hal_gpio.o
                0x00000000080011b8                HAL_GPIO_Init
 .text.HAL_GPIO_WritePin
                0x00000000080014b8       0x30 ./Drivers/STM32L1xx_HAL_Driver/Src/stm32l1xx_hal_gpio.o
                0x00000000080014b8                HAL_GPIO_WritePin
 .text.HAL_LCD_Init
                0x00000000080014e8      0x178 ./Drivers/STM32L1xx_HAL_Driver/Src/stm32l1xx_hal_lcd.o
                0x00000000080014e8                HAL_LCD_Init
 .text.LCD_WaitForSynchro
                0x0000000008001660       0x46 ./Drivers/STM32L1xx_HAL_Driver/Src/stm32l1xx_hal_lcd.o
                0x0000000008001660                LCD_WaitForSynchro
 *fill*         0x00000000080016a6        0x2 
 .text.HAL_RCC_OscConfig
                0x00000000080016a8      0x660 ./Drivers/STM32L1xx_HAL_Driver/Src/stm32l1xx_hal_rcc.o
                0x00000000080016a8                HAL_RCC_OscConfig
 .text.HAL_RCC_ClockConfig
                0x0000000008001d08      0x268 ./Drivers/STM32L1xx_HAL_Driver/Src/stm32l1xx_hal_rcc.o
                0x0000000008001d08                HAL_RCC_ClockConfig
 .text.HAL_RCC_GetSysClockFreq
                0x0000000008001f70      0x200 ./Drivers/STM32L1xx_HAL_Driver/Src/stm32l1xx_hal_rcc.o
                0x0000000008001f70                HAL_RCC_GetSysClockFreq
 .text.RCC_SetFlashLatencyFromMSIRange
                0x0000000008002170       0xc0 ./Drivers/STM32L1xx_HAL_Driver/Src/stm32l1xx_hal_rcc.o
 .text.HAL_RCCEx_PeriphCLKConfig
                0x0000000008002230      0x214 ./Drivers/STM32L1xx_HAL_Driver/Src/stm32l1xx_hal_rcc_ex.o
                0x0000000008002230                HAL_RCCEx_PeriphCLKConfig
 .text.__libc_init_array
                0x0000000008002444       0x48 c:/st/stm32cubeide_1.11.2/stm32cubeide/plugins/com.st.stm32cube.ide.mcu.externaltools.gnu-tools-for-stm32.10.3-2021.10.win32_1.0.100.202210260954/tools/bin/../lib/gcc/arm-none-eabi/10.3.1/../../../../arm-none-eabi/lib/thumb/v7-m/nofp\libc_nano.a(lib_a-init.o)
                0x0000000008002444                __libc_init_array
 .text.memset   0x000000000800248c       0x10 c:/st/stm32cubeide_1.11.2/stm32cubeide/plugins/com.st.stm32cube.ide.mcu.externaltools.gnu-tools-for-stm32.10.3-2021.10.win32_1.0.100.202210260954/tools/bin/../lib/gcc/arm-none-eabi/10.3.1/../../../../arm-none-eabi/lib/thumb/v7-m/nofp\libc_nano.a(lib_a-memset.o)
                0x000000000800248c                memset
 *(.glue_7)
 .glue_7        0x000000000800249c        0x0 linker stubs
 *(.glue_7t)
 .glue_7t       0x000000000800249c        0x0 linker stubs
 *(.eh_frame)
 .eh_frame      0x000000000800249c        0x0 c:/st/stm32cubeide_1.11.2/stm32cubeide/plugins/com.st.stm32cube.ide.mcu.externaltools.gnu-tools-for-stm32.10.3-2021.10.win32_1.0.100.202210260954/tools/bin/../lib/gcc/arm-none-eabi/10.3.1/thumb/v7-m/nofp/crtbegin.o
 *(.init)
 .init          0x000000000800249c        0x4 c:/st/stm32cubeide_1.11.2/stm32cubeide/plugins/com.st.stm32cube.ide.mcu.externaltools.gnu-tools-for-stm32.10.3-2021.10.win32_1.0.100.202210260954/tools/bin/../lib/gcc/arm-none-eabi/10.3.1/thumb/v7-m/nofp/crti.o
                0x000000000800249c                _init
 .init          0x00000000080024a0        0x8 c:/st/stm32cubeide_1.11.2/stm32cubeide/plugins/com.st.stm32cube.ide.mcu.externaltools.gnu-tools-for-stm32.10.3-2021.10.win32_1.0.100.202210260954/tools/bin/../lib/gcc/arm-none-eabi/10.3.1/thumb/v7-m/nofp/crtn.o
 *(.fini)
 .fini          0x00000000080024a8        0x4 c:/st/stm32cubeide_1.11.2/stm32cubeide/plugins/com.st.stm32cube.ide.mcu.externaltools.gnu-tools-for-stm32.10.3-2021.10.win32_1.0.100.202210260954/tools/bin/../lib/gcc/arm-none-eabi/10.3.1/thumb/v7-m/nofp/crti.o
                0x00000000080024a8                _fini
 .fini          0x00000000080024ac        0x8 c:/st/stm32cubeide_1.11.2/stm32cubeide/plugins/com.st.stm32cube.ide.mcu.externaltools.gnu-tools-for-stm32.10.3-2021.10.win32_1.0.100.202210260954/tools/bin/../lib/gcc/arm-none-eabi/10.3.1/thumb/v7-m/nofp/crtn.o
                0x00000000080024b4                . = ALIGN (0x4)
                0x00000000080024b4                _etext = .

.vfp11_veneer   0x00000000080024b4        0x0
 .vfp11_veneer  0x00000000080024b4        0x0 linker stubs

.v4_bx          0x00000000080024b4        0x0
 .v4_bx         0x00000000080024b4        0x0 linker stubs

.iplt           0x00000000080024b4        0x0
 .iplt          0x00000000080024b4        0x0 c:/st/stm32cubeide_1.11.2/stm32cubeide/plugins/com.st.stm32cube.ide.mcu.externaltools.gnu-tools-for-stm32.10.3-2021.10.win32_1.0.100.202210260954/tools/bin/../lib/gcc/arm-none-eabi/10.3.1/thumb/v7-m/nofp/crtbegin.o

.rodata         0x00000000080024b4       0x1c
                0x00000000080024b4                . = ALIGN (0x4)
 *(.rodata)
 *(.rodata*)
 .rodata.PLLMulTable
                0x00000000080024b4        0x9 ./Core/Src/system_stm32l1xx.o
                0x00000000080024b4                PLLMulTable
 *fill*         0x00000000080024bd        0x3 
 .rodata.AHBPrescTable
                0x00000000080024c0       0x10 ./Core/Src/system_stm32l1xx.o
                0x00000000080024c0                AHBPrescTable
                0x00000000080024d0                . = ALIGN (0x4)

.ARM.extab      0x00000000080024d0        0x0
                0x00000000080024d0                . = ALIGN (0x4)
 *(.ARM.extab* .gnu.linkonce.armextab.*)
                0x00000000080024d0                . = ALIGN (0x4)

.ARM            0x00000000080024d0        0x8
                0x00000000080024d0                . = ALIGN (0x4)
                0x00000000080024d0                __exidx_start = .
 *(.ARM.exidx*)
 .ARM.exidx     0x00000000080024d0        0x8 c:/st/stm32cubeide_1.11.2/stm32cubeide/plugins/com.st.stm32cube.ide.mcu.externaltools.gnu-tools-for-stm32.10.3-2021.10.win32_1.0.100.202210260954/tools/bin/../lib/gcc/arm-none-eabi/10.3.1/thumb/v7-m/nofp\libgcc.a(_udivmoddi4.o)
                0x00000000080024d8                __exidx_end = .
                0x00000000080024d8                . = ALIGN (0x4)

.rel.dyn        0x00000000080024d8        0x0
 .rel.iplt      0x00000000080024d8        0x0 c:/st/stm32cubeide_1.11.2/stm32cubeide/plugins/com.st.stm32cube.ide.mcu.externaltools.gnu-tools-for-stm32.10.3-2021.10.win32_1.0.100.202210260954/tools/bin/../lib/gcc/arm-none-eabi/10.3.1/thumb/v7-m/nofp/crtbegin.o

.preinit_array  0x00000000080024d8        0x0
                0x00000000080024d8                . = ALIGN (0x4)
                0x00000000080024d8                PROVIDE (__preinit_array_start = .)
 *(.preinit_array*)
                0x00000000080024d8                PROVIDE (__preinit_array_end = .)
                0x00000000080024d8                . = ALIGN (0x4)

.init_array     0x00000000080024d8        0x4
                0x00000000080024d8                . = ALIGN (0x4)
                0x00000000080024d8                PROVIDE (__init_array_start = .)
 *(SORT_BY_NAME(.init_array.*))
 *(.init_array*)
 .init_array    0x00000000080024d8        0x4 c:/st/stm32cubeide_1.11.2/stm32cubeide/plugins/com.st.stm32cube.ide.mcu.externaltools.gnu-tools-for-stm32.10.3-2021.10.win32_1.0.100.202210260954/tools/bin/../lib/gcc/arm-none-eabi/10.3.1/thumb/v7-m/nofp/crtbegin.o
                0x00000000080024dc                PROVIDE (__init_array_end = .)
                0x00000000080024dc                . = ALIGN (0x4)

.fini_array     0x00000000080024dc        0x4
                0x00000000080024dc                . = ALIGN (0x4)
                [!provide]                        PROVIDE (__fini_array_start = .)
 *(SORT_BY_NAME(.fini_array.*))
 *(.fini_array*)
 .fini_array    0x00000000080024dc        0x4 c:/st/stm32cubeide_1.11.2/stm32cubeide/plugins/com.st.stm32cube.ide.mcu.externaltools.gnu-tools-for-stm32.10.3-2021.10.win32_1.0.100.202210260954/tools/bin/../lib/gcc/arm-none-eabi/10.3.1/thumb/v7-m/nofp/crtbegin.o
                [!provide]                        PROVIDE (__fini_array_end = .)
                0x00000000080024e0                . = ALIGN (0x4)
                0x00000000080024e0                _sidata = LOADADDR (.data)

.data           0x0000000020000000        0xc load address 0x00000000080024e0
                0x0000000020000000                . = ALIGN (0x4)
                0x0000000020000000                _sdata = .
 *(.data)
 *(.data*)
 .data.SystemCoreClock
                0x0000000020000000        0x4 ./Core/Src/system_stm32l1xx.o
                0x0000000020000000                SystemCoreClock
 .data.uwTickPrio
                0x0000000020000004        0x4 ./Drivers/STM32L1xx_HAL_Driver/Src/stm32l1xx_hal.o
                0x0000000020000004                uwTickPrio
 .data.uwTickFreq
                0x0000000020000008        0x4 ./Drivers/STM32L1xx_HAL_Driver/Src/stm32l1xx_hal.o
                0x0000000020000008                uwTickFreq
 *(.RamFunc)
 *(.RamFunc*)
                0x000000002000000c                . = ALIGN (0x4)
                0x000000002000000c                _edata = .

.igot.plt       0x000000002000000c        0x0 load address 0x00000000080024ec
 .igot.plt      0x000000002000000c        0x0 c:/st/stm32cubeide_1.11.2/stm32cubeide/plugins/com.st.stm32cube.ide.mcu.externaltools.gnu-tools-for-stm32.10.3-2021.10.win32_1.0.100.202210260954/tools/bin/../lib/gcc/arm-none-eabi/10.3.1/thumb/v7-m/nofp/crtbegin.o
                0x000000002000000c                . = ALIGN (0x4)

.bss            0x000000002000000c       0xb0 load address 0x00000000080024ec
                0x000000002000000c                _sbss = .
                0x000000002000000c                __bss_start__ = _sbss
 *(.bss)
 .bss           0x000000002000000c       0x1c c:/st/stm32cubeide_1.11.2/stm32cubeide/plugins/com.st.stm32cube.ide.mcu.externaltools.gnu-tools-for-stm32.10.3-2021.10.win32_1.0.100.202210260954/tools/bin/../lib/gcc/arm-none-eabi/10.3.1/thumb/v7-m/nofp/crtbegin.o
 *(.bss*)
 .bss.hadc      0x0000000020000028       0x54 ./Core/Src/main.o
                0x0000000020000028                hadc
 .bss.hlcd      0x000000002000007c       0x3c ./Core/Src/main.o
                0x000000002000007c                hlcd
 .bss.uwTick    0x00000000200000b8        0x4 ./Drivers/STM32L1xx_HAL_Driver/Src/stm32l1xx_hal.o
                0x00000000200000b8                uwTick
 *(COMMON)
                0x00000000200000bc                . = ALIGN (0x4)
                0x00000000200000bc                _ebss = .
                0x00000000200000bc                __bss_end__ = _ebss

._user_heap_stack
                0x00000000200000bc      0x604 load address 0x00000000080024ec
                0x00000000200000c0                . = ALIGN (0x8)
 *fill*         0x00000000200000bc        0x4 
                [!provide]                        PROVIDE (end = .)
                0x00000000200000c0                PROVIDE (_end = .)
                0x00000000200002c0                . = (. + _Min_Heap_Size)
 *fill*         0x00000000200000c0      0x200 
                0x00000000200006c0                . = (. + _Min_Stack_Size)
 *fill*         0x00000000200002c0      0x400 
                0x00000000200006c0                . = ALIGN (0x8)

/DISCARD/
 libc.a(*)
 libm.a(*)
 libgcc.a(*)

.ARM.attributes
                0x0000000000000000       0x29
 *(.ARM.attributes)
 .ARM.attributes
                0x0000000000000000       0x1d c:/st/stm32cubeide_1.11.2/stm32cubeide/plugins/com.st.stm32cube.ide.mcu.externaltools.gnu-tools-for-stm32.10.3-2021.10.win32_1.0.100.202210260954/tools/bin/../lib/gcc/arm-none-eabi/10.3.1/thumb/v7-m/nofp/crti.o
 .ARM.attributes
                0x000000000000001d       0x2d c:/st/stm32cubeide_1.11.2/stm32cubeide/plugins/com.st.stm32cube.ide.mcu.externaltools.gnu-tools-for-stm32.10.3-2021.10.win32_1.0.100.202210260954/tools/bin/../lib/gcc/arm-none-eabi/10.3.1/thumb/v7-m/nofp/crtbegin.o
 .ARM.attributes
                0x000000000000004a       0x2d ./Core/Src/main.o
 .ARM.attributes
                0x0000000000000077       0x2d ./Core/Src/stm32l1xx_hal_msp.o
 .ARM.attributes
                0x00000000000000a4       0x2d ./Core/Src/stm32l1xx_it.o
 .ARM.attributes
                0x00000000000000d1       0x2d ./Core/Src/system_stm32l1xx.o
 .ARM.attributes
                0x00000000000000fe       0x21 ./Core/Startup/startup_stm32l152rctx.o
 .ARM.attributes
                0x000000000000011f       0x2d ./Drivers/STM32L1xx_HAL_Driver/Src/stm32l1xx_hal.o
 .ARM.attributes
                0x000000000000014c       0x2d ./Drivers/STM32L1xx_HAL_Driver/Src/stm32l1xx_hal_adc.o
 .ARM.attributes
                0x0000000000000179       0x2d ./Drivers/STM32L1xx_HAL_Driver/Src/stm32l1xx_hal_cortex.o
 .ARM.attributes
                0x00000000000001a6       0x2d ./Drivers/STM32L1xx_HAL_Driver/Src/stm32l1xx_hal_gpio.o
 .ARM.attributes
                0x00000000000001d3       0x2d ./Drivers/STM32L1xx_HAL_Driver/Src/stm32l1xx_hal_lcd.o
 .ARM.attributes
                0x0000000000000200       0x2d ./Drivers/STM32L1xx_HAL_Driver/Src/stm32l1xx_hal_rcc.o
 .ARM.attributes
                0x000000000000022d       0x2d ./Drivers/STM32L1xx_HAL_Driver/Src/stm32l1xx_hal_rcc_ex.o
 .ARM.attributes
                0x000000000000025a       0x2d c:/st/stm32cubeide_1.11.2/stm32cubeide/plugins/com.st.stm32cube.ide.mcu.externaltools.gnu-tools-for-stm32.10.3-2021.10.win32_1.0.100.202210260954/tools/bin/../lib/gcc/arm-none-eabi/10.3.1/../../../../arm-none-eabi/lib/thumb/v7-m/nofp\libc_nano.a(lib_a-init.o)
 .ARM.attributes
                0x0000000000000287       0x2d c:/st/stm32cubeide_1.11.2/stm32cubeide/plugins/com.st.stm32cube.ide.mcu.externaltools.gnu-tools-for-stm32.10.3-2021.10.win32_1.0.100.202210260954/tools/bin/../lib/gcc/arm-none-eabi/10.3.1/../../../../arm-none-eabi/lib/thumb/v7-m/nofp\libc_nano.a(lib_a-memset.o)
 .ARM.attributes
                0x00000000000002b4       0x1d c:/st/stm32cubeide_1.11.2/stm32cubeide/plugins/com.st.stm32cube.ide.mcu.externaltools.gnu-tools-for-stm32.10.3-2021.10.win32_1.0.100.202210260954/tools/bin/../lib/gcc/arm-none-eabi/10.3.1/thumb/v7-m/nofp\libgcc.a(_aeabi_uldivmod.o)
 .ARM.attributes
                0x00000000000002d1       0x2d c:/st/stm32cubeide_1.11.2/stm32cubeide/plugins/com.st.stm32cube.ide.mcu.externaltools.gnu-tools-for-stm32.10.3-2021.10.win32_1.0.100.202210260954/tools/bin/../lib/gcc/arm-none-eabi/10.3.1/thumb/v7-m/nofp\libgcc.a(_udivmoddi4.o)
 .ARM.attributes
                0x00000000000002fe       0x1d c:/st/stm32cubeide_1.11.2/stm32cubeide/plugins/com.st.stm32cube.ide.mcu.externaltools.gnu-tools-for-stm32.10.3-2021.10.win32_1.0.100.202210260954/tools/bin/../lib/gcc/arm-none-eabi/10.3.1/thumb/v7-m/nofp\libgcc.a(_dvmd_tls.o)
 .ARM.attributes
                0x000000000000031b       0x1d c:/st/stm32cubeide_1.11.2/stm32cubeide/plugins/com.st.stm32cube.ide.mcu.externaltools.gnu-tools-for-stm32.10.3-2021.10.win32_1.0.100.202210260954/tools/bin/../lib/gcc/arm-none-eabi/10.3.1/thumb/v7-m/nofp/crtn.o
OUTPUT(lu pro.elf elf32-littlearm)
LOAD linker stubs
LOAD c:/st/stm32cubeide_1.11.2/stm32cubeide/plugins/com.st.stm32cube.ide.mcu.externaltools.gnu-tools-for-stm32.10.3-2021.10.win32_1.0.100.202210260954/tools/bin/../lib/gcc/arm-none-eabi/10.3.1/../../../../arm-none-eabi/lib/thumb/v7-m/nofp\libc.a
LOAD c:/st/stm32cubeide_1.11.2/stm32cubeide/plugins/com.st.stm32cube.ide.mcu.externaltools.gnu-tools-for-stm32.10.3-2021.10.win32_1.0.100.202210260954/tools/bin/../lib/gcc/arm-none-eabi/10.3.1/../../../../arm-none-eabi/lib/thumb/v7-m/nofp\libm.a
LOAD c:/st/stm32cubeide_1.11.2/stm32cubeide/plugins/com.st.stm32cube.ide.mcu.externaltools.gnu-tools-for-stm32.10.3-2021.10.win32_1.0.100.202210260954/tools/bin/../lib/gcc/arm-none-eabi/10.3.1/thumb/v7-m/nofp\libgcc.a

.debug_info     0x0000000000000000     0x5ab5
 .debug_info    0x0000000000000000      0xe21 ./Core/Src/main.o
 .debug_info    0x0000000000000e21      0xb84 ./Core/Src/stm32l1xx_hal_msp.o
 .debug_info    0x00000000000019a5      0x122 ./Core/Src/stm32l1xx_it.o
 .debug_info    0x0000000000001ac7      0x2a7 ./Core/Src/system_stm32l1xx.o
 .debug_info    0x0000000000001d6e       0x22 ./Core/Startup/startup_stm32l152rctx.o
 .debug_info    0x0000000000001d90      0x71a ./Drivers/STM32L1xx_HAL_Driver/Src/stm32l1xx_hal.o
 .debug_info    0x00000000000024aa      0xf28 ./Drivers/STM32L1xx_HAL_Driver/Src/stm32l1xx_hal_adc.o
 .debug_info    0x00000000000033d2      0xd79 ./Drivers/STM32L1xx_HAL_Driver/Src/stm32l1xx_hal_cortex.o
 .debug_info    0x000000000000414b      0x627 ./Drivers/STM32L1xx_HAL_Driver/Src/stm32l1xx_hal_gpio.o
 .debug_info    0x0000000000004772      0x546 ./Drivers/STM32L1xx_HAL_Driver/Src/stm32l1xx_hal_lcd.o
 .debug_info    0x0000000000004cb8      0x9bd ./Drivers/STM32L1xx_HAL_Driver/Src/stm32l1xx_hal_rcc.o
 .debug_info    0x0000000000005675      0x440 ./Drivers/STM32L1xx_HAL_Driver/Src/stm32l1xx_hal_rcc_ex.o

.debug_abbrev   0x0000000000000000     0x15a8
 .debug_abbrev  0x0000000000000000      0x277 ./Core/Src/main.o
 .debug_abbrev  0x0000000000000277      0x194 ./Core/Src/stm32l1xx_hal_msp.o
 .debug_abbrev  0x000000000000040b       0x74 ./Core/Src/stm32l1xx_it.o
 .debug_abbrev  0x000000000000047f      0x116 ./Core/Src/system_stm32l1xx.o
 .debug_abbrev  0x0000000000000595       0x12 ./Core/Startup/startup_stm32l152rctx.o
 .debug_abbrev  0x00000000000005a7      0x26c ./Drivers/STM32L1xx_HAL_Driver/Src/stm32l1xx_hal.o
 .debug_abbrev  0x0000000000000813      0x280 ./Drivers/STM32L1xx_HAL_Driver/Src/stm32l1xx_hal_adc.o
 .debug_abbrev  0x0000000000000a93      0x316 ./Drivers/STM32L1xx_HAL_Driver/Src/stm32l1xx_hal_cortex.o
 .debug_abbrev  0x0000000000000da9      0x1c4 ./Drivers/STM32L1xx_HAL_Driver/Src/stm32l1xx_hal_gpio.o
 .debug_abbrev  0x0000000000000f6d      0x1ce ./Drivers/STM32L1xx_HAL_Driver/Src/stm32l1xx_hal_lcd.o
 .debug_abbrev  0x000000000000113b      0x2b0 ./Drivers/STM32L1xx_HAL_Driver/Src/stm32l1xx_hal_rcc.o
 .debug_abbrev  0x00000000000013eb      0x1bd ./Drivers/STM32L1xx_HAL_Driver/Src/stm32l1xx_hal_rcc_ex.o

.debug_aranges  0x0000000000000000      0x5d0
 .debug_aranges
                0x0000000000000000       0x50 ./Core/Src/main.o
 .debug_aranges
                0x0000000000000050       0x40 ./Core/Src/stm32l1xx_hal_msp.o
 .debug_aranges
                0x0000000000000090       0x60 ./Core/Src/stm32l1xx_it.o
 .debug_aranges
                0x00000000000000f0       0x28 ./Core/Src/system_stm32l1xx.o
 .debug_aranges
                0x0000000000000118       0x28 ./Core/Startup/startup_stm32l152rctx.o
 .debug_aranges
                0x0000000000000140       0xe0 ./Drivers/STM32L1xx_HAL_Driver/Src/stm32l1xx_hal.o
 .debug_aranges
                0x0000000000000220       0xf0 ./Drivers/STM32L1xx_HAL_Driver/Src/stm32l1xx_hal_adc.o
 .debug_aranges
                0x0000000000000310      0x118 ./Drivers/STM32L1xx_HAL_Driver/Src/stm32l1xx_hal_cortex.o
 .debug_aranges
                0x0000000000000428       0x58 ./Drivers/STM32L1xx_HAL_Driver/Src/stm32l1xx_hal_gpio.o
 .debug_aranges
                0x0000000000000480       0x68 ./Drivers/STM32L1xx_HAL_Driver/Src/stm32l1xx_hal_lcd.o
 .debug_aranges
                0x00000000000004e8       0x90 ./Drivers/STM32L1xx_HAL_Driver/Src/stm32l1xx_hal_rcc.o
 .debug_aranges
                0x0000000000000578       0x58 ./Drivers/STM32L1xx_HAL_Driver/Src/stm32l1xx_hal_rcc_ex.o

.debug_ranges   0x0000000000000000      0x518
 .debug_ranges  0x0000000000000000       0x40 ./Core/Src/main.o
 .debug_ranges  0x0000000000000040       0x30 ./Core/Src/stm32l1xx_hal_msp.o
 .debug_ranges  0x0000000000000070       0x50 ./Core/Src/stm32l1xx_it.o
 .debug_ranges  0x00000000000000c0       0x18 ./Core/Src/system_stm32l1xx.o
 .debug_ranges  0x00000000000000d8       0x20 ./Core/Startup/startup_stm32l152rctx.o
 .debug_ranges  0x00000000000000f8       0xd0 ./Drivers/STM32L1xx_HAL_Driver/Src/stm32l1xx_hal.o
 .debug_ranges  0x00000000000001c8       0xe0 ./Drivers/STM32L1xx_HAL_Driver/Src/stm32l1xx_hal_adc.o
 .debug_ranges  0x00000000000002a8      0x108 ./Drivers/STM32L1xx_HAL_Driver/Src/stm32l1xx_hal_cortex.o
 .debug_ranges  0x00000000000003b0       0x48 ./Drivers/STM32L1xx_HAL_Driver/Src/stm32l1xx_hal_gpio.o
 .debug_ranges  0x00000000000003f8       0x58 ./Drivers/STM32L1xx_HAL_Driver/Src/stm32l1xx_hal_lcd.o
 .debug_ranges  0x0000000000000450       0x80 ./Drivers/STM32L1xx_HAL_Driver/Src/stm32l1xx_hal_rcc.o
 .debug_ranges  0x00000000000004d0       0x48 ./Drivers/STM32L1xx_HAL_Driver/Src/stm32l1xx_hal_rcc_ex.o

.debug_macro    0x0000000000000000    0x14d1c
 .debug_macro   0x0000000000000000      0x1dc ./Core/Src/main.o
 .debug_macro   0x00000000000001dc      0x10f ./Core/Src/main.o
 .debug_macro   0x00000000000002eb       0x2e ./Core/Src/main.o
 .debug_macro   0x0000000000000319       0x22 ./Core/Src/main.o
 .debug_macro   0x000000000000033b       0x22 ./Core/Src/main.o
 .debug_macro   0x000000000000035d       0x8e ./Core/Src/main.o
 .debug_macro   0x00000000000003eb       0x51 ./Core/Src/main.o
 .debug_macro   0x000000000000043c      0x103 ./Core/Src/main.o
 .debug_macro   0x000000000000053f       0x6a ./Core/Src/main.o
 .debug_macro   0x00000000000005a9      0x1df ./Core/Src/main.o
 .debug_macro   0x0000000000000788       0x1c ./Core/Src/main.o
 .debug_macro   0x00000000000007a4       0x22 ./Core/Src/main.o
 .debug_macro   0x00000000000007c6       0xbd ./Core/Src/main.o
 .debug_macro   0x0000000000000883      0xe49 ./Core/Src/main.o
 .debug_macro   0x00000000000016cc      0x11f ./Core/Src/main.o
 .debug_macro   0x00000000000017eb     0xb1a4 ./Core/Src/main.o
 .debug_macro   0x000000000000c98f       0x6d ./Core/Src/main.o
 .debug_macro   0x000000000000c9fc     0x34ca ./Core/Src/main.o
 .debug_macro   0x000000000000fec6      0x174 ./Core/Src/main.o
 .debug_macro   0x000000000001003a       0x5b ./Core/Src/main.o
 .debug_macro   0x0000000000010095      0xe38 ./Core/Src/main.o
 .debug_macro   0x0000000000010ecd      0x243 ./Core/Src/main.o
 .debug_macro   0x0000000000011110      0x1b9 ./Core/Src/main.o
 .debug_macro   0x00000000000112c9       0xb9 ./Core/Src/main.o
 .debug_macro   0x0000000000011382      0x21e ./Core/Src/main.o
 .debug_macro   0x00000000000115a0      0x236 ./Core/Src/main.o
 .debug_macro   0x00000000000117d6      0x64d ./Core/Src/main.o
 .debug_macro   0x0000000000011e23      0x16c ./Core/Src/main.o
 .debug_macro   0x0000000000011f8f      0x116 ./Core/Src/main.o
 .debug_macro   0x00000000000120a5      0x56e ./Core/Src/main.o
 .debug_macro   0x0000000000012613      0x3d3 ./Core/Src/main.o
 .debug_macro   0x00000000000129e6      0x1e9 ./Core/Src/main.o
 .debug_macro   0x0000000000012bcf       0x22 ./Core/Src/main.o
 .debug_macro   0x0000000000012bf1      0x162 ./Core/Src/main.o
 .debug_macro   0x0000000000012d53      0x3ff ./Core/Src/main.o
 .debug_macro   0x0000000000013152       0x88 ./Core/Src/main.o
 .debug_macro   0x00000000000131da      0x7b2 ./Core/Src/main.o
 .debug_macro   0x000000000001398c      0x20e ./Core/Src/main.o
 .debug_macro   0x0000000000013b9a      0x1d0 ./Core/Src/stm32l1xx_hal_msp.o
 .debug_macro   0x0000000000013d6a      0x1da ./Core/Src/stm32l1xx_it.o
 .debug_macro   0x0000000000013f44      0x1af ./Core/Src/system_stm32l1xx.o
 .debug_macro   0x00000000000140f3      0x1d3 ./Drivers/STM32L1xx_HAL_Driver/Src/stm32l1xx_hal.o
 .debug_macro   0x00000000000142c6      0x1cc ./Drivers/STM32L1xx_HAL_Driver/Src/stm32l1xx_hal_adc.o
 .debug_macro   0x0000000000014492      0x1af ./Drivers/STM32L1xx_HAL_Driver/Src/stm32l1xx_hal_cortex.o
 .debug_macro   0x0000000000014641      0x1b6 ./Drivers/STM32L1xx_HAL_Driver/Src/stm32l1xx_hal_gpio.o
 .debug_macro   0x00000000000147f7      0x1b5 ./Drivers/STM32L1xx_HAL_Driver/Src/stm32l1xx_hal_lcd.o
 .debug_macro   0x00000000000149ac      0x1c1 ./Drivers/STM32L1xx_HAL_Driver/Src/stm32l1xx_hal_rcc.o
 .debug_macro   0x0000000000014b6d      0x1af ./Drivers/STM32L1xx_HAL_Driver/Src/stm32l1xx_hal_rcc_ex.o

.debug_line     0x0000000000000000     0x6f1f
 .debug_line    0x0000000000000000      0x86d ./Core/Src/main.o
 .debug_line    0x000000000000086d      0x7a6 ./Core/Src/stm32l1xx_hal_msp.o
 .debug_line    0x0000000000001013      0x7a9 ./Core/Src/stm32l1xx_it.o
 .debug_line    0x00000000000017bc      0x749 ./Core/Src/system_stm32l1xx.o
 .debug_line    0x0000000000001f05       0x87 ./Core/Startup/startup_stm32l152rctx.o
 .debug_line    0x0000000000001f8c      0x96c ./Drivers/STM32L1xx_HAL_Driver/Src/stm32l1xx_hal.o
 .debug_line    0x00000000000028f8      0xf55 ./Drivers/STM32L1xx_HAL_Driver/Src/stm32l1xx_hal_adc.o
 .debug_line    0x000000000000384d      0xc39 ./Drivers/STM32L1xx_HAL_Driver/Src/stm32l1xx_hal_cortex.o
 .debug_line    0x0000000000004486      0x9be ./Drivers/STM32L1xx_HAL_Driver/Src/stm32l1xx_hal_gpio.o
 .debug_line    0x0000000000004e44      0x96e ./Drivers/STM32L1xx_HAL_Driver/Src/stm32l1xx_hal_lcd.o
 .debug_line    0x00000000000057b2      0xe75 ./Drivers/STM32L1xx_HAL_Driver/Src/stm32l1xx_hal_rcc.o
 .debug_line    0x0000000000006627      0x8f8 ./Drivers/STM32L1xx_HAL_Driver/Src/stm32l1xx_hal_rcc_ex.o

.debug_str      0x0000000000000000    0x875e4
 .debug_str     0x0000000000000000    0x8606f ./Core/Src/main.o
                                      0x86374 (size before relaxing)
 .debug_str     0x000000000008606f       0xa7 ./Core/Src/stm32l1xx_hal_msp.o
                                      0x860e7 (size before relaxing)
 .debug_str     0x0000000000086116       0xc9 ./Core/Src/stm32l1xx_it.o
                                      0x85b15 (size before relaxing)
 .debug_str     0x00000000000861df       0x99 ./Core/Src/system_stm32l1xx.o
                                      0x8260b (size before relaxing)
 .debug_str     0x0000000000086278       0x36 ./Core/Startup/startup_stm32l152rctx.o
                                         0x4e (size before relaxing)
 .debug_str     0x00000000000862ae      0x659 ./Drivers/STM32L1xx_HAL_Driver/Src/stm32l1xx_hal.o
                                      0x82d1a (size before relaxing)
 .debug_str     0x0000000000086907      0x36a ./Drivers/STM32L1xx_HAL_Driver/Src/stm32l1xx_hal_adc.o
                                      0x82d96 (size before relaxing)
 .debug_str     0x0000000000086c71      0x3d8 ./Drivers/STM32L1xx_HAL_Driver/Src/stm32l1xx_hal_cortex.o
                                      0x82df4 (size before relaxing)
 .debug_str     0x0000000000087049      0x11b ./Drivers/STM32L1xx_HAL_Driver/Src/stm32l1xx_hal_gpio.o
                                      0x8279e (size before relaxing)
 .debug_str     0x0000000000087164       0xf5 ./Drivers/STM32L1xx_HAL_Driver/Src/stm32l1xx_hal_lcd.o
                                      0x82805 (size before relaxing)
 .debug_str     0x0000000000087259      0x275 ./Drivers/STM32L1xx_HAL_Driver/Src/stm32l1xx_hal_rcc.o
                                      0x82abb (size before relaxing)
 .debug_str     0x00000000000874ce      0x116 ./Drivers/STM32L1xx_HAL_Driver/Src/stm32l1xx_hal_rcc_ex.o
                                      0x827ae (size before relaxing)

.comment        0x0000000000000000       0x50
 .comment       0x0000000000000000       0x50 ./Core/Src/main.o
                                         0x51 (size before relaxing)
 .comment       0x0000000000000050       0x51 ./Core/Src/stm32l1xx_hal_msp.o
 .comment       0x0000000000000050       0x51 ./Core/Src/stm32l1xx_it.o
 .comment       0x0000000000000050       0x51 ./Core/Src/system_stm32l1xx.o
 .comment       0x0000000000000050       0x51 ./Drivers/STM32L1xx_HAL_Driver/Src/stm32l1xx_hal.o
 .comment       0x0000000000000050       0x51 ./Drivers/STM32L1xx_HAL_Driver/Src/stm32l1xx_hal_adc.o
 .comment       0x0000000000000050       0x51 ./Drivers/STM32L1xx_HAL_Driver/Src/stm32l1xx_hal_cortex.o
 .comment       0x0000000000000050       0x51 ./Drivers/STM32L1xx_HAL_Driver/Src/stm32l1xx_hal_gpio.o
 .comment       0x0000000000000050       0x51 ./Drivers/STM32L1xx_HAL_Driver/Src/stm32l1xx_hal_lcd.o
 .comment       0x0000000000000050       0x51 ./Drivers/STM32L1xx_HAL_Driver/Src/stm32l1xx_hal_rcc.o
 .comment       0x0000000000000050       0x51 ./Drivers/STM32L1xx_HAL_Driver/Src/stm32l1xx_hal_rcc_ex.o

.debug_frame    0x0000000000000000     0x15b0
 .debug_frame   0x0000000000000000       0xec ./Core/Src/main.o
 .debug_frame   0x00000000000000ec       0xc4 ./Core/Src/stm32l1xx_hal_msp.o
 .debug_frame   0x00000000000001b0      0x104 ./Core/Src/stm32l1xx_it.o
 .debug_frame   0x00000000000002b4       0x58 ./Core/Src/system_stm32l1xx.o
 .debug_frame   0x000000000000030c      0x33c ./Drivers/STM32L1xx_HAL_Driver/Src/stm32l1xx_hal.o
 .debug_frame   0x0000000000000648      0x40c ./Drivers/STM32L1xx_HAL_Driver/Src/stm32l1xx_hal_adc.o
 .debug_frame   0x0000000000000a54      0x498 ./Drivers/STM32L1xx_HAL_Driver/Src/stm32l1xx_hal_cortex.o
 .debug_frame   0x0000000000000eec      0x14c ./Drivers/STM32L1xx_HAL_Driver/Src/stm32l1xx_hal_gpio.o
 .debug_frame   0x0000000000001038      0x188 ./Drivers/STM32L1xx_HAL_Driver/Src/stm32l1xx_hal_lcd.o
 .debug_frame   0x00000000000011c0      0x224 ./Drivers/STM32L1xx_HAL_Driver/Src/stm32l1xx_hal_rcc.o
 .debug_frame   0x00000000000013e4      0x120 ./Drivers/STM32L1xx_HAL_Driver/Src/stm32l1xx_hal_rcc_ex.o
 .debug_frame   0x0000000000001504       0x2c c:/st/stm32cubeide_1.11.2/stm32cubeide/plugins/com.st.stm32cube.ide.mcu.externaltools.gnu-tools-for-stm32.10.3-2021.10.win32_1.0.100.202210260954/tools/bin/../lib/gcc/arm-none-eabi/10.3.1/../../../../arm-none-eabi/lib/thumb/v7-m/nofp\libc_nano.a(lib_a-init.o)
 .debug_frame   0x0000000000001530       0x20 c:/st/stm32cubeide_1.11.2/stm32cubeide/plugins/com.st.stm32cube.ide.mcu.externaltools.gnu-tools-for-stm32.10.3-2021.10.win32_1.0.100.202210260954/tools/bin/../lib/gcc/arm-none-eabi/10.3.1/../../../../arm-none-eabi/lib/thumb/v7-m/nofp\libc_nano.a(lib_a-memset.o)
 .debug_frame   0x0000000000001550       0x2c c:/st/stm32cubeide_1.11.2/stm32cubeide/plugins/com.st.stm32cube.ide.mcu.externaltools.gnu-tools-for-stm32.10.3-2021.10.win32_1.0.100.202210260954/tools/bin/../lib/gcc/arm-none-eabi/10.3.1/thumb/v7-m/nofp\libgcc.a(_aeabi_uldivmod.o)
 .debug_frame   0x000000000000157c       0x34 c:/st/stm32cubeide_1.11.2/stm32cubeide/plugins/com.st.stm32cube.ide.mcu.externaltools.gnu-tools-for-stm32.10.3-2021.10.win32_1.0.100.202210260954/tools/bin/../lib/gcc/arm-none-eabi/10.3.1/thumb/v7-m/nofp\libgcc.a(_udivmoddi4.o)
